#-----------------------------------------------------------
# Vivado v2022.2 (64-bit)
# SW Build 3671981 on Fri Oct 14 04:59:54 MDT 2022
# IP Build 3669848 on Fri Oct 14 08:30:02 MDT 2022
# Start of session at: Wed Jul 24 11:02:52 2024
# Process ID: 3166
# Current directory: /home/steeve/projects/65c02-soc
# Command line: vivado
# Log file: /home/steeve/projects/65c02-soc/vivado.log
# Journal file: /home/steeve/projects/65c02-soc/vivado.jou
# Running On: spock, OS: Linux, CPU Frequency: 3458.038 MHz, CPU Physical cores: 4, Host memory: 8317 MB
#-----------------------------------------------------------
start_gui
open_project /home/steeve/projects/65c02-soc/vivado/65c02-soc.xpr
update_compile_order -fileset sources_1
load_feature simulator
open_wave_database {/home/steeve/projects/65c02-soc/vivado/65c02-soc.sim/sim_hello/behav/xsim/cpu_hello_tb_behav.wdb}
launch_simulation -simset [get_filesets sim_hello ]
open_wave_config /home/steeve/projects/65c02-soc/vivado/65c02-soc.sim/sim_hello/cpu_hello_tb_behav.wcfg
source cpu_hello_tb.tcl
close_sim
launch_simulation -simset [get_filesets sim_hello ]
open_wave_config /home/steeve/projects/65c02-soc/vivado/65c02-soc.sim/sim_hello/cpu_hello_tb_behav.wcfg
source cpu_hello_tb.tcl
close_sim
launch_simulation -simset [get_filesets sim_hello ]
open_wave_config /home/steeve/projects/65c02-soc/vivado/65c02-soc.sim/sim_hello/cpu_hello_tb_behav.wcfg
source cpu_hello_tb.tcl
close_sim
launch_simulation -simset [get_filesets sim_hello ]
open_wave_config /home/steeve/projects/65c02-soc/vivado/65c02-soc.sim/sim_hello/cpu_hello_tb_behav.wcfg
source cpu_hello_tb.tcl
close_sim
close_sim
reset_run synth_1
launch_runs synth_1 -jobs 2
wait_on_run synth_1
launch_runs impl_1 -to_step write_bitstream -jobs 2
wait_on_run impl_1
