ca65 V2.19 - Git 03d824e13
Main file   : wozmon.s
Current file: wozmon.s

000000r 1               .SEGMENT "MYCODE"
000000r 1                 .org $ff00
00FF00  1               
00FF00  1               XAML  = $24                            ; Last "opened" location Low
00FF00  1               XAMH  = $25                            ; Last "opened" location High
00FF00  1               STL   = $26                            ; Store address Low
00FF00  1               STH   = $27                            ; Store address High
00FF00  1               L     = $28                            ; Hex value parsing Low
00FF00  1               H     = $29                            ; Hex value parsing High
00FF00  1               YSAV  = $2A                            ; Used to see if hex value is given
00FF00  1               MODE  = $2B                            ; $00=XAM, $7F=STOR, $AE=BLOCK XAM
00FF00  1               
00FF00  1               IN    = $0200                          ; Input buffer
00FF00  1               
00FF00  1               ACIA_DATA   = $5000
00FF00  1               ACIA_STATUS = $5001
00FF00  1               ACIA_CMD    = $5002
00FF00  1               ACIA_CTRL   = $5003
00FF00  1               
00FF00  1               RESET:
00FF00  1               ;                LDA     #$1F           ; 8-N-1, 19200 baud.
00FF00  1               ;                STA     ACIA_CTRL
00FF00  1               ;                LDA     #$0B           ; No parity, no echo, no interrupts.
00FF00  1               ;                STA     ACIA_CMD
00FF00  1  A9 1B                        LDA     #$1B           ; Begin with escape.
00FF02  1               
00FF02  1               NOTCR:
00FF02  1  C9 08                        CMP     #$08           ; Backspace key?
00FF04  1  F0 13                        BEQ     BACKSPACE      ; Yes.
00FF06  1  C9 1B                        CMP     #$1B           ; ESC?
00FF08  1  F0 03                        BEQ     ESCAPE         ; Yes.
00FF0A  1  C8                           INY                    ; Advance text index.
00FF0B  1  10 0F                        BPL     NEXTCHAR       ; Auto ESC if line longer than 127.
00FF0D  1               
00FF0D  1               ESCAPE:
00FF0D  1  A9 5C                        LDA     #$5C           ; "\".
00FF0F  1  20 E5 FF                     JSR     ECHO           ; Output it.
00FF12  1               
00FF12  1               GETLINE:
00FF12  1  A9 0D                        LDA     #$0D           ; Send CR
00FF14  1  20 E5 FF                     JSR     ECHO
00FF17  1               
00FF17  1  A0 01                        LDY     #$01           ; Initialize text index.
00FF19  1  88           BACKSPACE:      DEY                    ; Back up text index.
00FF1A  1  30 F6                        BMI     GETLINE        ; Beyond start of line, reinitialize.
00FF1C  1               
00FF1C  1               NEXTCHAR:
00FF1C  1  AD 01 50                     LDA     ACIA_STATUS    ; Check status.
00FF1F  1  29 08                        AND     #$08           ; Key ready?
00FF21  1  F0 F9                        BEQ     NEXTCHAR       ; Loop until ready.
00FF23  1  AD 00 50                     LDA     ACIA_DATA      ; Load character. B7 will be '0'.
00FF26  1  99 00 02                     STA     IN,Y           ; Add to text buffer.
00FF29  1  20 E5 FF                     JSR     ECHO           ; Display character.
00FF2C  1  C9 0D                        CMP     #$0D           ; CR?
00FF2E  1  D0 D2                        BNE     NOTCR          ; No.
00FF30  1               
00FF30  1  A0 FF                        LDY     #$FF           ; Reset text index.
00FF32  1  A9 00                        LDA     #$00           ; For XAM mode.
00FF34  1  AA                           TAX                    ; X=0.
00FF35  1               SETBLOCK:
00FF35  1  0A                           ASL
00FF36  1               SETSTOR:
00FF36  1  0A                           ASL                    ; Leaves $7B if setting STOR mode.
00FF37  1  85 2B                        STA     MODE           ; $00 = XAM, $74 = STOR, $B8 = BLOK XAM.
00FF39  1               BLSKIP:
00FF39  1  C8                           INY                    ; Advance text index.
00FF3A  1               NEXTITEM:
00FF3A  1  B9 00 02                     LDA     IN,Y           ; Get character.
00FF3D  1  C9 0D                        CMP     #$0D           ; CR?
00FF3F  1  F0 D1                        BEQ     GETLINE        ; Yes, done this line.
00FF41  1  C9 2E                        CMP     #$2E           ; "."?
00FF43  1  90 F4                        BCC     BLSKIP         ; Skip delimiter.
00FF45  1  F0 EE                        BEQ     SETBLOCK       ; Set BLOCK XAM mode.
00FF47  1  C9 3A                        CMP     #$3A           ; ":"?
00FF49  1  F0 EB                        BEQ     SETSTOR        ; Yes, set STOR mode.
00FF4B  1  C9 52                        CMP     #$52           ; "R"?
00FF4D  1  F0 3B                        BEQ     RUN            ; Yes, run user program.
00FF4F  1  86 28                        STX     L              ; $00 -> L.
00FF51  1  86 29                        STX     H              ;    and H.
00FF53  1  84 2A                        STY     YSAV           ; Save Y for comparison
00FF55  1               
00FF55  1               NEXTHEX:
00FF55  1  B9 00 02                     LDA     IN,Y           ; Get character for hex test.
00FF58  1  49 30                        EOR     #$30           ; Map digits to $0-9.
00FF5A  1  C9 0A                        CMP     #$0A           ; Digit?
00FF5C  1  90 06                        BCC     DIG            ; Yes.
00FF5E  1  69 88                        ADC     #$88           ; Map letter "A"-"F" to $FA-FF.
00FF60  1  C9 FA                        CMP     #$FA           ; Hex letter?
00FF62  1  90 11                        BCC     NOTHEX         ; No, character not hex.
00FF64  1               DIG:
00FF64  1  0A                           ASL
00FF65  1  0A                           ASL                    ; Hex digit to MSD of A.
00FF66  1  0A                           ASL
00FF67  1  0A                           ASL
00FF68  1               
00FF68  1  A2 04                        LDX     #$04           ; Shift count.
00FF6A  1               HEXSHIFT:
00FF6A  1  0A                           ASL                    ; Hex digit left, MSB to carry.
00FF6B  1  26 28                        ROL     L              ; Rotate into LSD.
00FF6D  1  26 29                        ROL     H              ; Rotate into MSD's.
00FF6F  1  CA                           DEX                    ; Done 4 shifts?
00FF70  1  D0 F8                        BNE     HEXSHIFT       ; No, loop.
00FF72  1  C8                           INY                    ; Advance text index.
00FF73  1  D0 E0                        BNE     NEXTHEX        ; Always taken. Check next character for hex.
00FF75  1               
00FF75  1               NOTHEX:
00FF75  1  C4 2A                        CPY     YSAV           ; Check if L, H empty (no hex digits).
00FF77  1  F0 94                        BEQ     ESCAPE         ; Yes, generate ESC sequence.
00FF79  1               
00FF79  1  24 2B                        BIT     MODE           ; Test MODE byte.
00FF7B  1  50 10                        BVC     NOTSTOR        ; B6=0 is STOR, 1 is XAM and BLOCK XAM.
00FF7D  1               
00FF7D  1  A5 28                        LDA     L              ; LSD's of hex data.
00FF7F  1  81 26                        STA     (STL,X)        ; Store current 'store index'.
00FF81  1  E6 26                        INC     STL            ; Increment store index.
00FF83  1  D0 B5                        BNE     NEXTITEM       ; Get next item (no carry).
00FF85  1  E6 27                        INC     STH            ; Add carry to 'store index' high order.
00FF87  1  4C 3A FF     TONEXTITEM:     JMP     NEXTITEM       ; Get next command item.
00FF8A  1               
00FF8A  1               RUN:
00FF8A  1  6C 24 00                     JMP     (XAML)         ; Run at current XAM index.
00FF8D  1               
00FF8D  1               NOTSTOR:
00FF8D  1  30 2B                        BMI     XAMNEXT        ; B7 = 0 for XAM, 1 for BLOCK XAM.
00FF8F  1               
00FF8F  1  A2 02                        LDX     #$02           ; Byte count.
00FF91  1  B5 27        SETADR:         LDA     L-1,X          ; Copy hex data to
00FF93  1  95 25                        STA     STL-1,X        ;  'store index'.
00FF95  1  95 23                        STA     XAML-1,X       ; And to 'XAM index'.
00FF97  1  CA                           DEX                    ; Next of 2 bytes.
00FF98  1  D0 F7                        BNE     SETADR         ; Loop unless X = 0.
00FF9A  1               
00FF9A  1               NXTPRNT:
00FF9A  1  D0 14                        BNE     PRDATA         ; NE means no address to print.
00FF9C  1  A9 0D                        LDA     #$0D           ; CR.
00FF9E  1  20 E5 FF                     JSR     ECHO           ; Output it.
00FFA1  1  A5 25                        LDA     XAMH           ; 'Examine index' high-order byte.
00FFA3  1  20 D2 FF                     JSR     PRBYTE         ; Output it in hex format.
00FFA6  1  A5 24                        LDA     XAML           ; Low-order 'examine index' byte.
00FFA8  1  20 D2 FF                     JSR     PRBYTE         ; Output it in hex format.
00FFAB  1  A9 3A                        LDA     #$3A           ; ":".
00FFAD  1  20 E5 FF                     JSR     ECHO           ; Output it.
00FFB0  1               
00FFB0  1               PRDATA:
00FFB0  1  A9 20                        LDA     #$20           ; Blank.
00FFB2  1  20 E5 FF                     JSR     ECHO           ; Output it.
00FFB5  1  A1 24                        LDA     (XAML,X)       ; Get data byte at 'examine index'.
00FFB7  1  20 D2 FF                     JSR     PRBYTE         ; Output it in hex format.
00FFBA  1  86 2B        XAMNEXT:        STX     MODE           ; 0 -> MODE (XAM mode).
00FFBC  1  A5 24                        LDA     XAML
00FFBE  1  C5 28                        CMP     L              ; Compare 'examine index' to hex data.
00FFC0  1  A5 25                        LDA     XAMH
00FFC2  1  E5 29                        SBC     H
00FFC4  1  B0 C1                        BCS     TONEXTITEM     ; Not less, so no more data to output.
00FFC6  1               
00FFC6  1  E6 24                        INC     XAML
00FFC8  1  D0 02                        BNE     MOD8CHK        ; Increment 'examine index'.
00FFCA  1  E6 25                        INC     XAMH
00FFCC  1               
00FFCC  1               MOD8CHK:
00FFCC  1  A5 24                        LDA     XAML           ; Check low-order 'examine index' byte
00FFCE  1  29 07                        AND     #$07           ; For MOD 8 = 0
00FFD0  1  10 C8                        BPL     NXTPRNT        ; Always taken.
00FFD2  1               
00FFD2  1               PRBYTE:
00FFD2  1  48                           PHA                    ; Save A for LSD.
00FFD3  1  4A                           LSR
00FFD4  1  4A                           LSR
00FFD5  1  4A                           LSR                    ; MSD to LSD position.
00FFD6  1  4A                           LSR
00FFD7  1  20 DB FF                     JSR     PRHEX          ; Output hex digit.
00FFDA  1  68                           PLA                    ; Restore A.
00FFDB  1               
00FFDB  1               PRHEX:
00FFDB  1  29 0F                        AND     #$0F           ; Mask LSD for hex print.
00FFDD  1  09 30                        ORA     #$30           ; Add "0".
00FFDF  1  C9 3A                        CMP     #$3A           ; Digit?
00FFE1  1  90 02                        BCC     ECHO           ; Yes, output it.
00FFE3  1  69 06                        ADC     #$06           ; Add offset for letter.
00FFE5  1               
00FFE5  1               ECHO:
00FFE5  1  48                           PHA                    ; Save A.
00FFE6  1  AD 01 50     @LOOP:          LDA     ACIA_STATUS
00FFE9  1  29 10                        AND     #$10           ; Check TX Data Register
00FFEB  1  F0 F9                        BEQ     @LOOP           ; Loop if TX buffer is full
00FFED  1                               ; STA     ACIA_DATA      ; Output character.
00FFED  1                               ; LDA     #$FF           ; Initialize delay loop.
00FFED  1               ;TXDELAY:        DEC                    ; Decrement A.
00FFED  1                               ; BNE     TXDELAY        ; Until A gets to 0.
00FFED  1  68                           PLA                    ; Restore A.
00FFEE  1  8D 00 50                     STA       ACIA_DATA
00FFF1  1  60                           RTS                    ; Return.
00FFF2  1               
00FFF2  1               .SEGMENT "RESETVEC"
00FFF2  1                 .org $FFFA
00FFFA  1               
00FFFA  1  00 0F                        .word   $0F00          ; NMI vector
00FFFC  1  00 FF                        .word   RESET          ; RESET vector
00FFFE  1  00 00                        .word   $0000          ; IRQ vector
00FFFE  1               
